[www.idffy.it/mariadamico/index.html]
[backblue.gif]
[fade.gif]
[index.html]
[www.idffy.it/site_200/js/cookiechoices/cookiechoices.js]
[www.idffy.it/mariadamico/index54d0.html]
[www.idffy.it/site_200/js/AC_RunActiveContent.js]
[www.idffy.it/site_200/js/prototype_1.6.1.js]
[www.idffy.it/site_200/js/jquery-3.2.1/jquery-3.2.1.min.js]
[www.idffy.it/site_200/js/bootstrap-3.3.7-dist/js/bootstrap.min.js]
[www.idffy.it/site_200/js/functions.js]
[www.idffy.it/mariadamico/index6fc1.html]
[www.idffy.it/mariadamico/index00b6.html]
[www.idffy.it/mariadamico/index7a84.html]
[www.idffy.it/mariadamico/index-2.html]
[www.idffy.it/site_200/blocks/top_header_language_choice_responsive/images/IT.png]
[www.idffy.it/site_200/blocks/top_header_language_choice_responsive/images/EN.png]
[www.idffy.it/site_200/templates/default_bootstrap/images/logo-b.png]
[www.idffy.it/site_200/templates/default_bootstrap/images/logo-d.png]
[www.idffy.it/mariadamico/indexd41d.html]
[www.idffy.it/mariadamico/index7c26.html]
[www.idffy.it/mariadamico/index83bd.html]
[www.idffy.it/mariadamico/index323e.html]
[www.idffy.it/mariadamico/indexce3d.html]
[www.idffy.it/mariadamico/index1d80.html]
[www.idffy.it/mariadamico/index0dff.html]
[www.idffy.it/mariadamico/index2a4c.html]
[www.idffy.it/mariadamico/index6d77.html]
[www.idffy.it/mariadamico/indexa5d7.html]
[www.idffy.it/mariadamico/indexb1aa.html]
[www.idffy.it/mariadamico/index1de0.html]
[www.idffy.it/mariadamico/index.html]
[www.idffy.it/site_200/templates/default_bootstrap/css/style.css]
[www.idffy.it/site_200/blocks/footer_registration_banner/style/block_footer_registration_banner.css]
[www.idffy.it/site_200/blocks/language_choice/style/block_language_choice.css]
[www.idffy.it/site_200/blocks/top_header_menu_responsive/style/block_top_header_menu_responsive.css]
[www.idffy.it/site_200/blocks/top_header_language_choice_responsive/style/block_top_header_language_choice_responsive.css]
[www.idffy.it/site_200/blocks/top_header_social_net_responsive/style/block_top_header_social_net_responsive.css]
[www.idffy.it/site_200/blocks/top_header_left_logo_block_responsive/style/block_top_header_left_logo_block_responsive.css]
[www.idffy.it/site_200/blocks/top_header_center_user_showname_responsive/style/block_top_header_center_user_showname_responsive.css]
[www.idffy.it/site_200/blocks/top_header_right_user_image_responsive/style/block_top_header_right_user_image_responsive.css]
[www.idffy.it/site_200/blocks/top_responsive_menu/style/block_top_responsive_menu.css]
[www.idffy.it/site_200/blocks/footer_menu_responsive/style/block_footer_menu_responsive.css]
[www.idffy.it/mariadamico/index54d0.html]
[www.idffy.it/site_200/js/bootstrap-3.3.7-dist/css/bootstrap.min.css]
[www.idffy.it/site_200/js/dialog_box/dialog_box.js]
[www.idffy.it/mariadamico/index6fc1.html]
[www.idffy.it/site_200/js/form_validator/gen_validatorv4.js]
[www.idffy.it/mariadamico/indexb4e6.html]
[www.idffy.it/mariadamico/index00b6.html]
[www.idffy.it/mariadamico/index7a84.html]
[www.idffy.it/mariadamico/index-2.html]
[www.idffy.it/mariadamico/indexd41d.html]
[www.idffy.it/site_200/modules/tng_community_contattami_responsive/images/box_contatto_secondario.jpg]
[www.idffy.it/mariadamico/index7c26.html]
[www.idffy.it/site_200/modules/tng_community_miei_appuntamenti/images/eventi.jpg]
[www.idffy.it/mariadamico/index83bd.html]
[www.idffy.it/mariadamico/indexd1a2.html]
[www.idffy.it/mariadamico/index323e.html]
[www.idffy.it/site_200/modules/tng_community_job_opportunity_responsive/images/lavoro.jpg]
[www.idffy.it/mariadamico/indexe3ae.html]
[www.idffy.it/mariadamico/indexce3d.html]
[www.idffy.it/mariadamico/index1d80.html]
[www.idffy.it/mariadamico/index0dff.html]
[www.idffy.it/mariadamico/index2a4c.html]
[www.idffy.it/mariadamico/index6d77.html]
[www.idffy.it/mariadamico/indexa5d7.html]
[www.idffy.it/mariadamico/indexb1aa.html]
[www.idffy.it/mariadamico/index1de0.html]
[www.idffy.it/site_200/modules/tng_contents/style/module_tng_contents.css]
[www.idffy.it/site_200/modules/tng_community_login/images/login_key_logo.png]
[www.idffy.it/site_200/modules/tng_community_login/style/images/login_table_container_footer_left.4e.delayed]
[www.idffy.it/site_200/modules/tng_community_login/style/images/login_table_container_footer_center.4f.delayed]
[www.idffy.it/site_200/modules/tng_community_login/style/images/login_table_container_footer_right.50.delayed]
[www.idffy.it/site_200/modules/tng_community_login/style/default_bootstrap/module_tng_community_login.css]
[www.idffy.it/site_200/js/dialog_box/images/dialog_close.gif]
[www.idffy.it/site_200/js/dialog_box/images/error_bg.jpg]
[www.idffy.it/site_200/js/dialog_box/images/error_header.gif]
[www.idffy.it/site_200/js/dialog_box/images/warning_bg.jpg]
[www.idffy.it/site_200/js/dialog_box/images/warning_header.gif]
[www.idffy.it/site_200/js/dialog_box/images/success_bg.jpg]
[www.idffy.it/site_200/js/dialog_box/images/success_header.gif]
[www.idffy.it/site_200/js/dialog_box/images/prompt_bg.jpg]
[www.idffy.it/site_200/js/dialog_box/images/prompt_header.gif]
[www.idffy.it/site_200/js/dialog_box/dialog_box.css]
[www.idffy.it/site_200/modules/tng_community_registration/style/default_bootstrap/module_tng_community_registration.css]
[www.idffy.it/mariadamico/indexb4e6.html]
[www.idffy.it/site_200/modules/tng_community_request_registration_responsive/style/module_tng_community_request_registration_responsive.css]
[www.idffy.it/site_200/modules/tng_community_contattami_responsive/style/module_tng_community_contattami_responsive.css]
[www.idffy.it/site_200/modules/tng_community_miei_appuntamenti/images/banda_chiara.jpg]
[www.idffy.it/site_200/modules/tng_community_miei_appuntamenti/style/default_bootstrap/module_tng_community_miei_appuntamenti.css]
[www.idffy.it/site_200/modules/tng_community_blog/images/banda_stile_lista_chiara.jpg]
[www.idffy.it/site_200/modules/tng_community_blog/images/banda_stile_blog_chiara.jpg]
[www.idffy.it/site_200/modules/tng_community_blog/images/banda_stile_blog_scura.jpg]
[www.idffy.it/site_200/modules/tng_community_blog/images/dot_gray_no_bg.gif]
[www.idffy.it/site_200/modules/tng_community_blog/style/default_bootstrap/module_tng_community_blog.css]
[www.idffy.it/mariadamico/indexd1a2.html]
[www.idffy.it/site_200/modules/tng_community_job_opportunity_responsive/style/module_tng_community_job_opportunity_responsive.css]
[www.idffy.it/mariadamico/indexe3ae.html]
[www.idffy.it/site_200/modules/tng_community_login/style/images/login_table_container_footer_left.html]
[www.idffy.it/site_200/modules/tng_community_login/style/images/login_table_container_footer_center.html]
[www.idffy.it/site_200/modules/tng_community_login/style/images/login_table_container_footer_right.html]
